[0] "\"{:foo=>\"bar\"}\".keys => [:foo]"
[1] "\"{:foo=>\"bar\"}\".values => [\"bar\"]"
[2] "\"{:foo=>\"bar\"}\".size => 1"
