[0] "\"[1, 2, 4, 3, \"chicken\"]\".first => 1"
[1] "\"[1, 2, 4, 3, \"chicken\"]\".last => chicken"
[2] "\"[1, 2, 4, 3, \"chicken\"]\".size => 5"
