Thank you, Pat for your $10 purchase of RubySteps.